C:\Users\cabal\OneDrive\Documentos\AndresWeb\Mia Tecno Store Web\Backend\Backend\src\main\java\com\MiaStore\Backend\Model\Carousel.java
C:\Users\cabal\OneDrive\Documentos\AndresWeb\Mia Tecno Store Web\Backend\Backend\src\main\java\com\MiaStore\Backend\BackendMiaTecnoStoreApplication.java
C:\Users\cabal\OneDrive\Documentos\AndresWeb\Mia Tecno Store Web\Backend\Backend\src\main\java\com\MiaStore\Backend\controller\UserController.java
C:\Users\cabal\OneDrive\Documentos\AndresWeb\Mia Tecno Store Web\Backend\Backend\src\main\java\com\MiaStore\Backend\CrudInterface\CarouselCrudRepository.java
C:\Users\cabal\OneDrive\Documentos\AndresWeb\Mia Tecno Store Web\Backend\Backend\src\main\java\com\MiaStore\Backend\Service\UserService.java
C:\Users\cabal\OneDrive\Documentos\AndresWeb\Mia Tecno Store Web\Backend\Backend\src\main\java\com\MiaStore\Backend\controller\CarouselController.java
C:\Users\cabal\OneDrive\Documentos\AndresWeb\Mia Tecno Store Web\Backend\Backend\src\main\java\com\MiaStore\Backend\BCrypt\BCrypt.java
C:\Users\cabal\OneDrive\Documentos\AndresWeb\Mia Tecno Store Web\Backend\Backend\src\main\java\com\MiaStore\Backend\Model\User.java
C:\Users\cabal\OneDrive\Documentos\AndresWeb\Mia Tecno Store Web\Backend\Backend\src\main\java\com\MiaStore\Backend\Service\CarouselService.java
C:\Users\cabal\OneDrive\Documentos\AndresWeb\Mia Tecno Store Web\Backend\Backend\src\main\java\com\MiaStore\Backend\Repository\CarouselRepository.java
C:\Users\cabal\OneDrive\Documentos\AndresWeb\Mia Tecno Store Web\Backend\Backend\src\main\java\com\MiaStore\Backend\CrudInterface\UserCrudRepository.java
C:\Users\cabal\OneDrive\Documentos\AndresWeb\Mia Tecno Store Web\Backend\Backend\src\main\java\com\MiaStore\Backend\Repository\UserRepository.java
